// Jest Snapshot v1, https://goo.gl/fbAQLP

exports[`Button should render button component with default props 1`] = `
<View
  accessibilityState={
    {
      "busy": undefined,
      "checked": undefined,
      "disabled": true,
      "expanded": undefined,
      "selected": undefined,
    }
  }
  accessibilityValue={
    {
      "max": undefined,
      "min": undefined,
      "now": undefined,
      "text": undefined,
    }
  }
  accessible={true}
  collapsable={false}
  focusable={false}
  onClick={[Function]}
  onResponderGrant={[Function]}
  onResponderMove={[Function]}
  onResponderRelease={[Function]}
  onResponderTerminate={[Function]}
  onResponderTerminationRequest={[Function]}
  onStartShouldSetResponder={[Function]}
  style={
    {
      "alignContent": "center",
      "alignItems": "center",
      "backgroundColor": "#9d9d9d",
      "borderRadius": 25,
      "flexDirection": "row",
      "gap": 15,
      "height": 51,
      "justifyContent": "center",
      "opacity": 1,
      "width": "100%",
    }
  }
  testID="button"
>
  <Text
    style={
      [
        {
          "borderRadius": 25,
          "fontFamily": "ProductSansBold",
          "fontWeight": 700,
          "textAlign": "center",
        },
        {
          "color": "#fff",
        },
        {
          "fontSize": 16,
        },
        {
          "textDecorationLine": "none",
        },
      ]
    }
  >
    Click me
  </Text>
</View>
`;

exports[`Button should render button component with disabled 1`] = `
<View
  accessibilityState={
    {
      "busy": undefined,
      "checked": undefined,
      "disabled": true,
      "expanded": undefined,
      "selected": undefined,
    }
  }
  accessibilityValue={
    {
      "max": undefined,
      "min": undefined,
      "now": undefined,
      "text": undefined,
    }
  }
  accessible={true}
  collapsable={false}
  focusable={false}
  onClick={[Function]}
  onResponderGrant={[Function]}
  onResponderMove={[Function]}
  onResponderRelease={[Function]}
  onResponderTerminate={[Function]}
  onResponderTerminationRequest={[Function]}
  onStartShouldSetResponder={[Function]}
  style={
    {
      "alignContent": "center",
      "alignItems": "center",
      "backgroundColor": "#9d9d9d",
      "borderRadius": 25,
      "flexDirection": "row",
      "gap": 15,
      "height": 51,
      "justifyContent": "center",
      "opacity": 1,
      "width": "100%",
    }
  }
  testID="button"
>
  <Text
    style={
      [
        {
          "borderRadius": 25,
          "fontFamily": "ProductSansBold",
          "fontWeight": 700,
          "textAlign": "center",
        },
        {
          "color": "#fff",
        },
        {
          "fontSize": 16,
        },
        {
          "textDecorationLine": "none",
        },
      ]
    }
  >
    Click me
  </Text>
</View>
`;
