// Jest Snapshot v1, https://goo.gl/fbAQLP

exports[`Quantity should render quantity component 1`] = `
<View
  style={
    [
      {
        "alignItems": "center",
        "borderRadius": 20,
        "borderWidth": 1,
        "flexDirection": "row",
        "height": 22,
        "justifyContent": "space-between",
        "paddingHorizontal": 8,
        "width": 63,
      },
      {
        "borderColor": "#00000080",
      },
    ]
  }
>
  <View
    accessibilityState={
      {
        "busy": undefined,
        "checked": undefined,
        "disabled": true,
        "expanded": undefined,
        "selected": undefined,
      }
    }
    accessibilityValue={
      {
        "max": undefined,
        "min": undefined,
        "now": undefined,
        "text": undefined,
      }
    }
    accessible={true}
    collapsable={false}
    focusable={false}
    onClick={[Function]}
    onResponderGrant={[Function]}
    onResponderMove={[Function]}
    onResponderRelease={[Function]}
    onResponderTerminate={[Function]}
    onResponderTerminationRequest={[Function]}
    onStartShouldSetResponder={[Function]}
    style={
      {
        "alignItems": "center",
        "height": 13,
        "justifyContent": "center",
        "opacity": 1,
        "width": 13,
      }
    }
    testID="minus-icon"
  >
    <RNSVGSvgView
      align="xMidYMid"
      bbHeight={3}
      bbWidth={6}
      fill="none"
      focusable={false}
      height={3}
      meetOrSlice={0}
      minX={0}
      minY={0}
      style={
        [
          {
            "backgroundColor": "transparent",
            "borderWidth": 0,
          },
          {
            "flex": 0,
            "height": 3,
            "width": 6,
          },
        ]
      }
      vbHeight={3}
      vbWidth={6}
      width={6}
    >
      <RNSVGGroup
        fill={null}
        propList={
          [
            "fill",
          ]
        }
      >
        <RNSVGPath
          d="M0.100098 1.31445L5.89475 1.31445"
          fill={
            {
              "payload": 4278190080,
              "type": 0,
            }
          }
          propList={
            [
              "stroke",
              "strokeWidth",
            ]
          }
          stroke={
            {
              "payload": 2147483648,
              "type": 0,
            }
          }
          strokeWidth={1.5}
        />
      </RNSVGGroup>
    </RNSVGSvgView>
  </View>
  <Text
    style={
      [
        {
          "letterSpacing": 0,
          "textAlign": "left",
          "textAlignVertical": "center",
        },
        {
          "color": "#737680",
          "fontFamily": "ProductSansRegular",
          "fontSize": 14,
        },
        {
          "fontSize": 12,
        },
        [
          {
            "flex": 0,
          },
          {
            "color": "#00000080",
          },
        ],
      ]
    }
  >
    0
  </Text>
  <View
    accessibilityState={
      {
        "busy": undefined,
        "checked": undefined,
        "disabled": false,
        "expanded": undefined,
        "selected": undefined,
      }
    }
    accessibilityValue={
      {
        "max": undefined,
        "min": undefined,
        "now": undefined,
        "text": undefined,
      }
    }
    accessible={true}
    collapsable={false}
    focusable={true}
    onClick={[Function]}
    onResponderGrant={[Function]}
    onResponderMove={[Function]}
    onResponderRelease={[Function]}
    onResponderTerminate={[Function]}
    onResponderTerminationRequest={[Function]}
    onStartShouldSetResponder={[Function]}
    style={
      {
        "alignItems": "center",
        "height": 13,
        "justifyContent": "center",
        "opacity": 1,
        "width": 13,
      }
    }
    testID="add-icon"
  >
    <RNSVGSvgView
      align="xMidYMid"
      bbHeight={8}
      bbWidth={8}
      fill="none"
      focusable={false}
      height={8}
      meetOrSlice={0}
      minX={0}
      minY={0}
      style={
        [
          {
            "backgroundColor": "transparent",
            "borderWidth": 0,
          },
          {
            "flex": 0,
            "height": 8,
            "width": 8,
          },
        ]
      }
      vbHeight={14}
      vbWidth={14}
      width={8}
    >
      <RNSVGGroup
        fill={null}
        propList={
          [
            "fill",
          ]
        }
      >
        <RNSVGPath
          d="M13 8H8v5c0 .55-.45 1-1 1s-1-.45-1-1V8H1c-.55 0-1-.45-1-1s.45-1 1-1h5V1c0-.55.45-1 1-1s1 .45 1 1v5h5c.55 0 1 .45 1 1s-.45 1-1 1z"
          fill={
            {
              "payload": 2147483648,
              "type": 0,
            }
          }
          propList={
            [
              "fill",
            ]
          }
        />
      </RNSVGGroup>
    </RNSVGSvgView>
  </View>
</View>
`;
