// Jest Snapshot v1, https://goo.gl/fbAQLP

exports[`FilterIcon renders correctly (matches snapshot) 1`] = `
<View
  accessibilityState={
    {
      "busy": undefined,
      "checked": undefined,
      "disabled": false,
      "expanded": undefined,
      "selected": undefined,
    }
  }
  accessibilityValue={
    {
      "max": undefined,
      "min": undefined,
      "now": undefined,
      "text": undefined,
    }
  }
  accessible={true}
  collapsable={false}
  focusable={false}
  onClick={[Function]}
  onResponderGrant={[Function]}
  onResponderMove={[Function]}
  onResponderRelease={[Function]}
  onResponderTerminate={[Function]}
  onResponderTerminationRequest={[Function]}
  onStartShouldSetResponder={[Function]}
  style={
    {
      "opacity": 1,
    }
  }
  testID="filter-icon"
>
  <RNSVGSvgView
    align="xMidYMid"
    bbHeight={27}
    bbWidth={27}
    fill="none"
    focusable={false}
    height={27}
    meetOrSlice={0}
    minX={0}
    minY={0}
    style={
      [
        {
          "backgroundColor": "transparent",
          "borderWidth": 0,
        },
        {
          "flex": 0,
          "height": 27,
          "width": 27,
        },
      ]
    }
    vbHeight={27}
    vbWidth={27}
    width={27}
  >
    <RNSVGGroup
      fill={null}
      propList={
        [
          "fill",
        ]
      }
    >
      <RNSVGPath
        d="M12.375 9H22.5M4.5 18h11.25"
        fill={
          {
            "payload": 4278190080,
            "type": 0,
          }
        }
        propList={
          [
            "stroke",
            "strokeWidth",
            "strokeLinecap",
          ]
        }
        stroke={
          {
            "payload": 4286021264,
            "type": 0,
          }
        }
        strokeLinecap={1}
        strokeWidth={2}
      />
      <RNSVGEllipse
        cx={7.875}
        cy={9}
        fill={
          {
            "payload": 4278190080,
            "type": 0,
          }
        }
        matrix={
          [
            6.123233995736766e-17,
            1,
            -1,
            6.123233995736766e-17,
            16.875,
            1.1249999999999991,
          ]
        }
        propList={
          [
            "stroke",
            "strokeWidth",
            "strokeLinecap",
          ]
        }
        rx={3.375}
        ry={3.375}
        stroke={
          {
            "payload": 4286021264,
            "type": 0,
          }
        }
        strokeLinecap={1}
        strokeWidth={2}
      />
      <RNSVGEllipse
        cx={19.125}
        cy={18}
        fill={
          {
            "payload": 4278190080,
            "type": 0,
          }
        }
        matrix={
          [
            6.123233995736766e-17,
            1,
            -1,
            6.123233995736766e-17,
            37.125,
            -1.125,
          ]
        }
        propList={
          [
            "stroke",
            "strokeWidth",
            "strokeLinecap",
          ]
        }
        rx={3.375}
        ry={3.375}
        stroke={
          {
            "payload": 4286021264,
            "type": 0,
          }
        }
        strokeLinecap={1}
        strokeWidth={2}
      />
    </RNSVGGroup>
  </RNSVGSvgView>
</View>
`;

exports[`FilterIcon renders correctly (matches snapshot) with isActive 1`] = `
<View
  accessibilityState={
    {
      "busy": undefined,
      "checked": undefined,
      "disabled": false,
      "expanded": undefined,
      "selected": undefined,
    }
  }
  accessibilityValue={
    {
      "max": undefined,
      "min": undefined,
      "now": undefined,
      "text": undefined,
    }
  }
  accessible={true}
  collapsable={false}
  focusable={false}
  onClick={[Function]}
  onResponderGrant={[Function]}
  onResponderMove={[Function]}
  onResponderRelease={[Function]}
  onResponderTerminate={[Function]}
  onResponderTerminationRequest={[Function]}
  onStartShouldSetResponder={[Function]}
  style={
    {
      "opacity": 1,
    }
  }
  testID="filter-icon"
>
  <RNSVGSvgView
    align="xMidYMid"
    bbHeight={27}
    bbWidth={27}
    fill="none"
    focusable={false}
    height={27}
    meetOrSlice={0}
    minX={0}
    minY={0}
    style={
      [
        {
          "backgroundColor": "transparent",
          "borderWidth": 0,
        },
        {
          "flex": 0,
          "height": 27,
          "width": 27,
        },
      ]
    }
    vbHeight={27}
    vbWidth={27}
    width={27}
  >
    <RNSVGGroup
      fill={null}
      propList={
        [
          "fill",
        ]
      }
    >
      <RNSVGPath
        d="M12.375 9H22.5M4.5 18h11.25"
        fill={
          {
            "payload": 4278190080,
            "type": 0,
          }
        }
        propList={
          [
            "stroke",
            "strokeWidth",
            "strokeLinecap",
          ]
        }
        stroke={
          {
            "payload": 4286021264,
            "type": 0,
          }
        }
        strokeLinecap={1}
        strokeWidth={2}
      />
      <RNSVGEllipse
        cx={7.875}
        cy={9}
        fill={
          {
            "payload": 4278190080,
            "type": 0,
          }
        }
        matrix={
          [
            6.123233995736766e-17,
            1,
            -1,
            6.123233995736766e-17,
            16.875,
            1.1249999999999991,
          ]
        }
        propList={
          [
            "stroke",
            "strokeWidth",
            "strokeLinecap",
          ]
        }
        rx={3.375}
        ry={3.375}
        stroke={
          {
            "payload": 4286021264,
            "type": 0,
          }
        }
        strokeLinecap={1}
        strokeWidth={2}
      />
      <RNSVGEllipse
        cx={19.125}
        cy={18}
        fill={
          {
            "payload": 4278190080,
            "type": 0,
          }
        }
        matrix={
          [
            6.123233995736766e-17,
            1,
            -1,
            6.123233995736766e-17,
            37.125,
            -1.125,
          ]
        }
        propList={
          [
            "stroke",
            "strokeWidth",
            "strokeLinecap",
          ]
        }
        rx={3.375}
        ry={3.375}
        stroke={
          {
            "payload": 4286021264,
            "type": 0,
          }
        }
        strokeLinecap={1}
        strokeWidth={2}
      />
    </RNSVGGroup>
  </RNSVGSvgView>
</View>
`;
