// Jest Snapshot v1, https://goo.gl/fbAQLP

exports[`MinusIcon renders correctly (matches snapshot) 1`] = `
<View
  accessibilityState={
    {
      "busy": undefined,
      "checked": undefined,
      "disabled": false,
      "expanded": undefined,
      "selected": undefined,
    }
  }
  accessibilityValue={
    {
      "max": undefined,
      "min": undefined,
      "now": undefined,
      "text": undefined,
    }
  }
  accessible={true}
  collapsable={false}
  focusable={false}
  onClick={[Function]}
  onResponderGrant={[Function]}
  onResponderMove={[Function]}
  onResponderRelease={[Function]}
  onResponderTerminate={[Function]}
  onResponderTerminationRequest={[Function]}
  onStartShouldSetResponder={[Function]}
  style={
    {
      "opacity": 1,
    }
  }
  testID="minus-icon"
>
  <RNSVGSvgView
    align="xMidYMid"
    bbHeight={3}
    bbWidth={6}
    fill="none"
    focusable={false}
    height={3}
    meetOrSlice={0}
    minX={0}
    minY={0}
    style={
      [
        {
          "backgroundColor": "transparent",
          "borderWidth": 0,
        },
        {
          "flex": 0,
          "height": 3,
          "width": 6,
        },
      ]
    }
    vbHeight={3}
    vbWidth={6}
    width={6}
  >
    <RNSVGGroup
      fill={null}
      propList={
        [
          "fill",
        ]
      }
    >
      <RNSVGPath
        d="M0.100098 1.31445L5.89475 1.31445"
        fill={
          {
            "payload": 4278190080,
            "type": 0,
          }
        }
        propList={
          [
            "stroke",
            "strokeWidth",
          ]
        }
        stroke={
          {
            "payload": 2147483648,
            "type": 0,
          }
        }
        strokeWidth={1.5}
      />
    </RNSVGGroup>
  </RNSVGSvgView>
</View>
`;

exports[`MinusIcon renders correctly (matches snapshot) with isActive 1`] = `
<View
  accessibilityState={
    {
      "busy": undefined,
      "checked": undefined,
      "disabled": false,
      "expanded": undefined,
      "selected": undefined,
    }
  }
  accessibilityValue={
    {
      "max": undefined,
      "min": undefined,
      "now": undefined,
      "text": undefined,
    }
  }
  accessible={true}
  collapsable={false}
  focusable={false}
  onClick={[Function]}
  onResponderGrant={[Function]}
  onResponderMove={[Function]}
  onResponderRelease={[Function]}
  onResponderTerminate={[Function]}
  onResponderTerminationRequest={[Function]}
  onStartShouldSetResponder={[Function]}
  style={
    {
      "opacity": 1,
    }
  }
  testID="minus-icon"
>
  <RNSVGSvgView
    align="xMidYMid"
    bbHeight={3}
    bbWidth={6}
    fill="none"
    focusable={false}
    height={3}
    meetOrSlice={0}
    minX={0}
    minY={0}
    style={
      [
        {
          "backgroundColor": "transparent",
          "borderWidth": 0,
        },
        {
          "flex": 0,
          "height": 3,
          "width": 6,
        },
      ]
    }
    vbHeight={3}
    vbWidth={6}
    width={6}
  >
    <RNSVGGroup
      fill={null}
      propList={
        [
          "fill",
        ]
      }
    >
      <RNSVGPath
        d="M0.100098 1.31445L5.89475 1.31445"
        fill={
          {
            "payload": 4278190080,
            "type": 0,
          }
        }
        propList={
          [
            "stroke",
            "strokeWidth",
          ]
        }
        stroke={
          {
            "payload": 2147483648,
            "type": 0,
          }
        }
        strokeWidth={1.5}
      />
    </RNSVGGroup>
  </RNSVGSvgView>
</View>
`;
